Microchip MPLAB XC8 Compiler V1.32 ()

Linker command line:

-W-3 --edf=/opt/microchip/xc8/v1.32/dat/en_msgs.txt -cs \
  -h+dist/default/production/mich.X.production.sym \
  --cmf=dist/default/production/mich.X.production.cmf -z -Q18F45K50 \
  -o/tmp/cgtmYt7Bc -Mdist/default/production/mich.X.production.map -E1 \
  -ver=XC8 -ASTACK=01A0h-07ffh -pstack=STACK -ACODE=00h-07FFFh \
  -ACONST=00h-07FFFh -ASMALLCONST=0800h-08FFhx120 \
  -AMEDIUMCONST=0800h-07FFFh -ACOMRAM=01h-05Fh -AABS1=00h-07FFh \
  -ABIGRAM=01h-07FFh -ARAM=060h-0FFh,0100h-01FFhx7 -ABANK0=060h-0FFh \
  -ABANK1=0100h-01FFh -ABANK2=0200h-02FFh -ABANK3=0300h-03FFh \
  -ABANK4=0400h-04FFh -ABANK5=0500h-05FFh -ABANK6=0600h-06FFh \
  -ABANK7=0700h-07FFh -ASFR=0F53h-0F5Fh,0F60h-0FFFh \
  -preset_vec=00h,intcode,intcodelo,powerup,init,end_init -pramtop=0800h \
  -psmallconst=SMALLCONST -pmediumconst=MEDIUMCONST -pconst=CONST \
  -AFARRAM=00h-00h -ACONFIG=0300000h-030000Dh -pconfig=CONFIG \
  -AIDLOC=0200000h-0200007h -pidloc=IDLOC -AEEDATA=0F00000h-0F000FFh \
  -peeprom_data=EEDATA \
  -prdata=COMRAM,nvrram=COMRAM,nvbit=COMRAM,rbss=COMRAM,rbit=COMRAM \
  -pfarbss=FARRAM,fardata=FARRAM,nvFARRAM=FARRAM \
  -pintsave_regs=BIGRAM,bigbss=BIGRAM,bigdata=BIGRAM -pbss=RAM \
  -pidata=CODE,irdata=CODE,ibigdata=CODE,ifardata=CODE /tmp/cgthjI3sf.obj \
  dist/default/production/mich.X.production.obj 

Object code version is 3.11

Machine type is 18F45K50

Call graph: (short form)




                Name                               Link     Load   Length Selector   Space Scale
/tmp/cgthjI3sf.obj
                end_init                              0        0        4        0       0
                idloc                            200000   200000        8   200000       0
                config                           300000   300000        E   300000       0
dist/default/production/mich.X.production.obj
                mediumconst                        7E6C     7E6C      194     3F36       0
                text21                             62CA     62CA       FC     3165       0
                text20                             5E06     5E06       DC     2F03       0
                text19                             5A30     5A30       56     2D18       0
                text18                             69D4     69D4      1D8     34EA       0
                text17                             63C6     63C6      126     31E3       0
                text16                             64EC     64EC      128     3276       0
                text15                             6614     6614      12C     330A       0
                text14                             5A86     5A86       62     2D43       0
                text13                             5B4A     5B4A       68     2DA5       0
                text12                             5BB2     5BB2       82     2DD9       0
                text11                             6BAC     6BAC      22E     35D6       0
                text10                             5EE2     5EE2       FA     2F71       0
                text9                              5FDC     5FDC       FA     2FEE       0
                text8                              60D6     60D6       FA     306B       0
                text7                              61D0     61D0       FA     30E8       0
                text6                              5D62     5D62       A4     2EB1       0
                text5                              6740     6740      14A     33A0       0
                text4                              688A     688A      14A     3445       0
                text3                              597A     597A       26     2CBD       0
                text2                              59E2     59E2       4E     2CF1       0
                text1                              5C34     5C34       8E     2E1A       0
                text0                              6DDA     6DDA     1092     36ED       0
                cstackCOMRAM                          1        1       3C        1       1
                cstackBANK0                          A2       A2       32       60       1
                dataBANK1                           100      100       A0      100       1
                dataBANK0                            60       60       42       60       1
                bssBANK0                             D4       D4       10       60       1
                bssCOMRAM                            3D       3D        6        1       1
                cinit                              5AE8     5AE8       62     2D74       0
                idataBANK1                         5CC2     5CC2       A0     5CC2       0
                idataBANK0                         59A0     59A0       42     59A0       0

TOTAL           Name                               Link     Load   Length     Space
        CLASS   STACK          

        CLASS   CODE           
                end_init                              0        0        4         0
                text21                             62CA     62CA       FC         0
                text20                             5E06     5E06       DC         0
                text19                             5A30     5A30       56         0
                text18                             69D4     69D4      1D8         0
                text17                             63C6     63C6      126         0
                text16                             64EC     64EC      128         0
                text15                             6614     6614      12C         0
                text14                             5A86     5A86       62         0
                text13                             5B4A     5B4A       68         0
                text12                             5BB2     5BB2       82         0
                text11                             6BAC     6BAC      22E         0
                text10                             5EE2     5EE2       FA         0
                text9                              5FDC     5FDC       FA         0
                text8                              60D6     60D6       FA         0
                text7                              61D0     61D0       FA         0
                text6                              5D62     5D62       A4         0
                text5                              6740     6740      14A         0
                text4                              688A     688A      14A         0
                text3                              597A     597A       26         0
                text2                              59E2     59E2       4E         0
                text1                              5C34     5C34       8E         0
                text0                              6DDA     6DDA     1092         0
                cinit                              5AE8     5AE8       62         0
                idataBANK1                         5CC2     5CC2       A0         0
                idataBANK0                         59A0     59A0       42         0

        CLASS   CONST          

        CLASS   SMALLCONST     

        CLASS   MEDIUMCONST    
                mediumconst                        7E6C     7E6C      194         0

        CLASS   COMRAM         
                cstackCOMRAM                          1        1       3C         1
                bssCOMRAM                            3D       3D        6         1

        CLASS   ABS1           

        CLASS   BIGRAM         

        CLASS   RAM            

        CLASS   BANK0          
                cstackBANK0                          A2       A2       32         1
                dataBANK0                            60       60       42         1
                bssBANK0                             D4       D4       10         1

        CLASS   BANK1          
                dataBANK1                           100      100       A0         1

        CLASS   BANK2          

        CLASS   BANK3          

        CLASS   BANK4          

        CLASS   BANK5          

        CLASS   BANK6          

        CLASS   BANK7          

        CLASS   SFR            

        CLASS   FARRAM         

        CLASS   CONFIG         
                config                           300000   300000        E         0

        CLASS   IDLOC          
                idloc                            200000   200000        8         0

        CLASS   EEDATA         



SEGMENTS        Name                           Load    Length   Top    Selector   Space  Class

                reset_vec                      000000  000004  000004         0       0  CODE    
                cstackCOMRAM                   000001  000042  000043         1       1  COMRAM  
                dataBANK0                      000060  000084  0000E4        60       1  BANK0   
                dataBANK1                      000100  0000A0  0001A0       100       1  BANK1   
                text3                          00597A  000026  0059A0      2CBD       0  CODE    
                idataBANK0                     0059A0  000042  0059E2      59A0       0  CODE    
                text2                          0059E2  00004E  005A30      2CF1       0  CODE    
                text19                         005A30  000056  005A86      2D18       0  CODE    
                text14                         005A86  000062  005AE8      2D43       0  CODE    
                cinit                          005AE8  000062  005B4A      2D74       0  CODE    
                text13                         005B4A  000068  005BB2      2DA5       0  CODE    
                text12                         005BB2  000082  005C34      2DD9       0  CODE    
                text1                          005C34  00008E  005CC2      2E1A       0  CODE    
                idataBANK1                     005CC2  0000A0  005D62      5CC2       0  CODE    
                text6                          005D62  0000A4  005E06      2EB1       0  CODE    
                text20                         005E06  0000DC  005EE2      2F03       0  CODE    
                text10                         005EE2  0000FA  005FDC      2F71       0  CODE    
                text9                          005FDC  0000FA  0060D6      2FEE       0  CODE    
                text8                          0060D6  0000FA  0061D0      306B       0  CODE    
                text7                          0061D0  0000FA  0062CA      30E8       0  CODE    
                text21                         0062CA  0000FC  0063C6      3165       0  CODE    
                text17                         0063C6  000126  0064EC      31E3       0  CODE    
                text16                         0064EC  000128  006614      3276       0  CODE    
                text15                         006614  00012C  006740      330A       0  CODE    
                text5                          006740  00014A  00688A      33A0       0  CODE    
                text4                          00688A  00014A  0069D4      3445       0  CODE    
                text18                         0069D4  0001D8  006BAC      34EA       0  CODE    
                text11                         006BAC  00022E  006DDA      35D6       0  CODE    
                text0                          006DDA  001092  007E6C      36ED       0  CODE    
                mediumconst                    007E6C  000194  008000      3F36       0  MEDIUMCO
                idloc                          200000  000008  200008    200000       0  IDLOC   
                config                         300000  00000E  30000E    300000       0  CONFIG  


UNUSED ADDRESS RANGES

        Name                Unused          Largest block    Delta
        BANK0            0000E4-0000FF               1C
        BANK1            0001A0-0001FF               60
        BANK2            000200-0002FF              100
        BANK3            000300-0003FF              100
        BANK4            000400-0004FF              100
        BANK5            000500-0005FF              100
        BANK6            000600-0006FF              100
        BANK7            000700-0007FF              100
        BIGRAM           000043-00005F               1D
                         0000E4-0000FF               1C
                         0001A0-0007FF              660
        CODE             000004-005979             5976
        COMRAM           000043-00005F               1D
        CONST            000004-005979             5976
        EEDATA           F00000-F000FF              100
        MEDIUMCONST      000800-005979             517A
        RAM              0000E4-0000FF               1C
                         0001A0-0007FF              100
        SFR              000F53-000FFF                D
        SMALLCONST       000800-005979              100
        STACK            0001A0-0007FF              660

                                  Symbol Table

?_Conv_Entero             cstackCOMRAM 00000F
?___aldiv                 cstackCOMRAM 000001
?___almod                 cstackCOMRAM 000001
?___awdiv                 cstackCOMRAM 000001
?___lldiv                 cstackCOMRAM 000001
?___lmul                  cstackCOMRAM 000001
?___wmul                  cstackCOMRAM 000001
Conv_Entero@conv          cstackCOMRAM 000013
Conv_Entero@convTemp      cstackCOMRAM 00001A
Conv_Entero@i             cstackCOMRAM 000031
Conv_Entero@num           cstackCOMRAM 00002F
Conv_Entero@numero        cstackCOMRAM 00000F
Conv_Entero@numeroReg     cstackCOMRAM 000034
Conv_Entero@punteroActual cstackCOMRAM 000032
Lcd_Chr_CP@data           cstackCOMRAM 000003
Lcd_Cmd@data              cstackCOMRAM 000003
Lcd_Init@data             cstackCOMRAM 000005
Lcd_Out2@buffer           cstackCOMRAM 000005
Lcd_Out2@data             cstackCOMRAM 000008
Lcd_Out2@x                cstackCOMRAM 000004
Lcd_Out2@y                cstackCOMRAM 000007
Lcd_Out@buffer            cstackCOMRAM 000005
Lcd_Out@data              cstackCOMRAM 000008
Lcd_Out@x                 cstackCOMRAM 000004
Lcd_Out@y                 cstackCOMRAM 000007
PWM_generar@AuxCCP2CON    cstackCOMRAM 000018
PWM_generar@AuxCCPR2L     cstackCOMRAM 00001E
PWM_generar@PR2cal        cstackCOMRAM 00001A
PWM_generar@ciclo         cstackCOMRAM 00000E
PWM_generar@frecuencia    cstackCOMRAM 000010
PWM_generar@prescalador   cstackCOMRAM 000016
SENO_1@F7354              dataBANK1    000100
SENO_1@i                  cstackCOMRAM 000032
SENO_1@j                  cstackCOMRAM 000030
SENO_1@k                  cstackCOMRAM 00002E
SENO_1@valoresSeno        cstackCOMRAM 000006
SENO_2@F7359              dataBANK0    000060
SENO_2@i                  cstackCOMRAM 00002E
SENO_2@j                  cstackCOMRAM 00002C
SENO_2@k                  cstackCOMRAM 00002A
SENO_2@valoresSeno        cstackCOMRAM 000006
SENO_3@F7364              dataBANK0    000084
SENO_3@i                  cstackCOMRAM 000028
SENO_3@j                  cstackCOMRAM 000026
SENO_3@k                  cstackCOMRAM 000024
SENO_3@valoresSeno        cstackCOMRAM 000006
TRI_1@F7354               dataBANK1    000128
TRI_1@i                   cstackCOMRAM 000032
TRI_1@j                   cstackCOMRAM 000030
TRI_1@k                   cstackCOMRAM 00002E
TRI_1@valoresSeno         cstackCOMRAM 000006
TRI_2@F7359               dataBANK1    000150
TRI_2@i                   cstackCOMRAM 00003A
TRI_2@j                   cstackCOMRAM 000038
TRI_2@k                   cstackCOMRAM 000036
TRI_2@valoresSeno         cstackCOMRAM 00000E
TRI_3@F7364               dataBANK1    000178
TRI_3@i                   cstackCOMRAM 00003A
TRI_3@j                   cstackCOMRAM 000038
TRI_3@k                   cstackCOMRAM 000036
TRI_3@valoresSeno         cstackCOMRAM 00000E
_ANSELB                   (abs)        000F5C
_ANSELD                   (abs)        000F5E
_B                        bssBANK0     0000D4
_C                        bssCOMRAM    00003D
_CCP2CON                  (abs)        000F97
_CCPR2L                   (abs)        000F90
_Conv_Entero              text18       0069D4
_D                        bssCOMRAM    00003F
_Lcd_Chr_CP               text15       006614
_Lcd_Cmd                  text17       0063C6
_Lcd_Init                 text16       0064EC
_Lcd_Out                  text14       005A86
_Lcd_Out2                 text13       005B4A
_M                        bssBANK0     0000D6
_OSCCON                   (abs)        000FD3
_PORTAbits                (abs)        000F80
_PORTBbits                (abs)        000F81
_PORTCbits                (abs)        000F82
_PORTDbits                (abs)        000F83
_PR2                      (abs)        000FBB
_PWM_generar              text11       006BAC
_SENO_1                   text10       005EE2
_SENO_2                   text9        005FDC
_SENO_3                   text8        0060D6
_T2CON                    (abs)        000FBA
_T2CONbits                (abs)        000FBA
_TMR2                     (abs)        000FBC
_TRISAbits                (abs)        000F92
_TRISBbits                (abs)        000F93
_TRISCbits                (abs)        000F94
_TRISDbits                (abs)        000F95
_TRI_1                    text7        0061D0
_TRI_2                    text5        006740
_TRI_3                    text4        00688A
__CFG_BOREN$SBORDIS       (abs)        000000
__CFG_BORV$190            (abs)        000000
__CFG_CCP2MX$RC1          (abs)        000000
__CFG_CFGPLLEN$OFF        (abs)        000000
__CFG_CP0$OFF             (abs)        000000
__CFG_CP1$OFF             (abs)        000000
__CFG_CP2$OFF             (abs)        000000
__CFG_CP3$OFF             (abs)        000000
__CFG_CPB$OFF             (abs)        000000
__CFG_CPD$OFF             (abs)        000000
__CFG_CPUDIV$NOCLKDIV     (abs)        000000
__CFG_EBTR0$OFF           (abs)        000000
__CFG_EBTR1$OFF           (abs)        000000
__CFG_EBTR2$OFF           (abs)        000000
__CFG_EBTR3$OFF           (abs)        000000
__CFG_EBTRB$OFF           (abs)        000000
__CFG_FCMEN$OFF           (abs)        000000
__CFG_FOSC$INTOSCIO       (abs)        000000
__CFG_ICPRT$OFF           (abs)        000000
__CFG_IESO$OFF            (abs)        000000
__CFG_LS48MHZ$SYS24X4     (abs)        000000
__CFG_LVP$OFF             (abs)        000000
__CFG_MCLRE$ON            (abs)        000000
__CFG_PBADEN$ON           (abs)        000000
__CFG_PCLKEN$OFF          (abs)        000000
__CFG_PLLSEL$PLL4X        (abs)        000000
__CFG_SDOMX$RB3           (abs)        000000
__CFG_STVREN$ON           (abs)        000000
__CFG_T3CMX$RC0           (abs)        000000
__CFG_WDTEN$OFF           (abs)        000000
__CFG_WDTPS$32768         (abs)        000000
__CFG_WRT0$OFF            (abs)        000000
__CFG_WRT1$OFF            (abs)        000000
__CFG_WRT2$OFF            (abs)        000000
__CFG_WRT3$OFF            (abs)        000000
__CFG_WRTB$OFF            (abs)        000000
__CFG_WRTC$OFF            (abs)        000000
__CFG_WRTD$OFF            (abs)        000000
__CFG_XINST$OFF           (abs)        000000
__CFG_nLPBOR$OFF          (abs)        000000
__CFG_nPWRTEN$ON          (abs)        000000
__HRAM                    (abs)        000000
__Habs1                   abs1         000000
__Hbank0                  bank0        000000
__Hbank1                  bank1        000000
__Hbank2                  bank2        000000
__Hbank3                  bank3        000000
__Hbank4                  bank4        000000
__Hbank5                  bank5        000000
__Hbank6                  bank6        000000
__Hbank7                  bank7        000000
__Hbigbss                 bigbss       000000
__Hbigdata                bigdata      000000
__Hbigram                 bigram       000000
__Hbss                    bss          000000
__HbssBANK0               bssBANK0     000000
__HbssCOMRAM              bssCOMRAM    000000
__Hcinit                  cinit        000000
__Hclrtext                clrtext      000000
__Hcomram                 comram       000000
__Hconfig                 config       30000E
__Hconst                  const        000000
__HcstackBANK0            cstackBANK0  000000
__HcstackCOMRAM           cstackCOMRAM 000000
__Hdata                   data         000000
__HdataBANK0              dataBANK0    000000
__HdataBANK1              dataBANK1    000000
__Heeprom_data            eeprom_data  000000
__Hend_init               end_init     000004
__Hfarbss                 farbss       000000
__Hfardata                fardata      000000
__Hibigdata               ibigdata     000000
__Hidata                  idata        000000
__HidataBANK0             idataBANK0   000000
__HidataBANK1             idataBANK1   000000
__Hidloc                  idloc        200008
__Hifardata               ifardata     000000
__Hinit                   init         000000
__Hintcode                intcode      000000
__Hintcode_body           intcode_body 000000
__Hintcodelo              intcodelo    000000
__Hintentry               intentry     000000
__Hintret                 intret       000000
__Hintsave_regs           intsave_regs 000000
__Hirdata                 irdata       000000
__Hmediumconst            mediumconst  008000
__HnvFARRAM               nvFARRAM     000000
__Hnvbit                  nvbit        000000
__Hnvrram                 nvrram       000000
__Hparam                  rparam       000000
__Hpowerup                powerup      000000
__Hram                    ram          000000
__Hramtop                 ramtop       000800
__Hrbit                   rbit         000000
__Hrbss                   rbss         000000
__Hrdata                  rdata        000000
__Hreset_vec              reset_vec    000000
__Hrparam                 rparam       000000
__Hsfr                    sfr          000000
__Hsmallconst             smallconst   000000
__Hspace_0                (abs)        30000E
__Hspace_1                (abs)        0001A0
__Hspace_2                (abs)        000000
__Hstack                  stack        000000
__Hstruct                 struct       000000
__Htemp                   temp         000000
__Htext                   text         000000
__Htext0                  text0        000000
__Htext1                  text1        000000
__Htext10                 text10       000000
__Htext11                 text11       000000
__Htext12                 text12       000000
__Htext13                 text13       000000
__Htext14                 text14       000000
__Htext15                 text15       000000
__Htext16                 text16       000000
__Htext17                 text17       000000
__Htext18                 text18       000000
__Htext19                 text19       000000
__Htext2                  text2        000000
__Htext20                 text20       000000
__Htext21                 text21       000000
__Htext3                  text3        000000
__Htext4                  text4        000000
__Htext5                  text5        000000
__Htext6                  text6        000000
__Htext7                  text7        000000
__Htext8                  text8        000000
__Htext9                  text9        000000
__LRAM                    (abs)        000001
__Labs1                   abs1         000000
__Lbank0                  bank0        000000
__Lbank1                  bank1        000000
__Lbank2                  bank2        000000
__Lbank3                  bank3        000000
__Lbank4                  bank4        000000
__Lbank5                  bank5        000000
__Lbank6                  bank6        000000
__Lbank7                  bank7        000000
__Lbigbss                 bigbss       000000
__Lbigdata                bigdata      000000
__Lbigram                 bigram       000000
__Lbss                    bss          000000
__LbssBANK0               bssBANK0     000000
__LbssCOMRAM              bssCOMRAM    000000
__Lcinit                  cinit        000000
__Lclrtext                clrtext      000000
__Lcomram                 comram       000000
__Lconfig                 config       300000
__Lconst                  const        000000
__LcstackBANK0            cstackBANK0  000000
__LcstackCOMRAM           cstackCOMRAM 000000
__Ldata                   data         000000
__LdataBANK0              dataBANK0    000000
__LdataBANK1              dataBANK1    000000
__Leeprom_data            eeprom_data  000000
__Lend_init               end_init     000000
__Lfarbss                 farbss       000000
__Lfardata                fardata      000000
__Libigdata               ibigdata     000000
__Lidata                  idata        000000
__LidataBANK0             idataBANK0   000000
__LidataBANK1             idataBANK1   000000
__Lidloc                  idloc        200000
__Lifardata               ifardata     000000
__Linit                   init         000000
__Lintcode                intcode      000000
__Lintcode_body           intcode_body 000000
__Lintcodelo              intcodelo    000000
__Lintentry               intentry     000000
__Lintret                 intret       000000
__Lintsave_regs           intsave_regs 000000
__Lirdata                 irdata       000000
__Lmediumconst            mediumconst  007E6C
__LnvFARRAM               nvFARRAM     000000
__Lnvbit                  nvbit        000000
__Lnvrram                 nvrram       000000
__Lparam                  rparam       000000
__Lpowerup                powerup      000000
__Lram                    ram          000000
__Lramtop                 ramtop       000800
__Lrbit                   rbit         000000
__Lrbss                   rbss         000000
__Lrdata                  rdata        000000
__Lreset_vec              reset_vec    000000
__Lrparam                 rparam       000000
__Lsfr                    sfr          000000
__Lsmallconst             smallconst   000000
__Lspace_0                (abs)        000000
__Lspace_1                (abs)        000000
__Lspace_2                (abs)        000000
__Lstack                  stack        000000
__Lstruct                 struct       000000
__Ltemp                   temp         000000
__Ltext                   text         000000
__Ltext0                  text0        000000
__Ltext1                  text1        000000
__Ltext10                 text10       000000
__Ltext11                 text11       000000
__Ltext12                 text12       000000
__Ltext13                 text13       000000
__Ltext14                 text14       000000
__Ltext15                 text15       000000
__Ltext16                 text16       000000
__Ltext17                 text17       000000
__Ltext18                 text18       000000
__Ltext19                 text19       000000
__Ltext2                  text2        000000
__Ltext20                 text20       000000
__Ltext21                 text21       000000
__Ltext3                  text3        000000
__Ltext4                  text4        000000
__Ltext5                  text5        000000
__Ltext6                  text6        000000
__Ltext7                  text7        000000
__Ltext8                  text8        000000
__Ltext9                  text9        000000
__S0                      (abs)        30000E
__S1                      (abs)        0001A0
__S2                      (abs)        000000
___aldiv                  text21       0062CA
___aldiv@counter          cstackCOMRAM 000009
___aldiv@dividend         cstackCOMRAM 000001
___aldiv@divisor          cstackCOMRAM 000005
___aldiv@quotient         cstackCOMRAM 00000B
___aldiv@sign             cstackCOMRAM 00000A
___almod                  text20       005E06
___almod@counter          cstackCOMRAM 000009
___almod@dividend         cstackCOMRAM 000001
___almod@divisor          cstackCOMRAM 000005
___almod@sign             cstackCOMRAM 00000A
___awdiv                  text6        005D62
___awdiv@counter          cstackCOMRAM 000005
___awdiv@dividend         cstackCOMRAM 000001
___awdiv@divisor          cstackCOMRAM 000003
___awdiv@quotient         cstackCOMRAM 000007
___awdiv@sign             cstackCOMRAM 000006
___inthi_sp               stack        000000
___intlo_sp               stack        000000
___lldiv                  text12       005BB2
___lldiv@counter          cstackCOMRAM 00000D
___lldiv@dividend         cstackCOMRAM 000001
___lldiv@divisor          cstackCOMRAM 000005
___lldiv@quotient         cstackCOMRAM 000009
___lmul                   text19       005A30
___lmul@multiplicand      cstackCOMRAM 000005
___lmul@multiplier        cstackCOMRAM 000001
___lmul@product           cstackCOMRAM 000009
___sp                     stack        000000
___wmul                   text3        00597A
___wmul@multiplicand      cstackCOMRAM 000003
___wmul@multiplier        cstackCOMRAM 000001
___wmul@product           cstackCOMRAM 000005
__accesstop               (abs)        000060
__activetblptr            (abs)        000002
__end_of_Conv_Entero      text18       006BAC
__end_of_Lcd_Chr_CP       text15       006740
__end_of_Lcd_Cmd          text17       0064EC
__end_of_Lcd_Init         text16       006614
__end_of_Lcd_Out          text14       005AE8
__end_of_Lcd_Out2         text13       005BB2
__end_of_PWM_generar      text11       006DDA
__end_of_SENO_1           text10       005FDC
__end_of_SENO_2           text9        0060D6
__end_of_SENO_3           text8        0061D0
__end_of_TRI_1            text7        0062CA
__end_of_TRI_2            text5        00688A
__end_of_TRI_3            text4        0069D4
__end_of___aldiv          text21       0063C6
__end_of___almod          text20       005EE2
__end_of___awdiv          text6        005E06
__end_of___lldiv          text12       005C34
__end_of___lmul           text19       005A86
__end_of___wmul           text3        0059A0
__end_of__initialization  cinit        005B40
__end_of__stringdata      mediumconst  007FFF
__end_of_lcd_goto         text2        005A30
__end_of_main             text0        007E6C
__end_of_tm_1s            text1        005CC2
__initialization          cinit        005AE8
__mediumconst             mediumconst  007E6C
__pbssBANK0               bssBANK0     0000D4
__pbssCOMRAM              bssCOMRAM    00003D
__pcinit                  cinit        005AE8
__pcstackBANK0            cstackBANK0  0000A2
__pcstackCOMRAM           cstackCOMRAM 000001
__pdataBANK0              dataBANK0    000060
__pdataBANK1              dataBANK1    000100
__pidataBANK0             idataBANK0   0059A0
__pidataBANK1             idataBANK1   005CC2
__pmediumconst            mediumconst  007E6C
__ptext0                  text0        006DDA
__ptext1                  text1        005C34
__ptext10                 text10       005EE2
__ptext11                 text11       006BAC
__ptext12                 text12       005BB2
__ptext13                 text13       005B4A
__ptext14                 text14       005A86
__ptext15                 text15       006614
__ptext16                 text16       0064EC
__ptext17                 text17       0063C6
__ptext18                 text18       0069D4
__ptext19                 text19       005A30
__ptext2                  text2        0059E2
__ptext20                 text20       005E06
__ptext21                 text21       0062CA
__ptext3                  text3        00597A
__ptext4                  text4        00688A
__ptext5                  text5        006740
__ptext6                  text6        005D62
__ptext7                  text7        0061D0
__ptext8                  text8        0060D6
__ptext9                  text9        005FDC
__ramtop                  ramtop       000800
__size_of_Conv_Entero     (abs)        000000
__size_of_Lcd_Chr_CP      (abs)        000000
__size_of_Lcd_Cmd         (abs)        000000
__size_of_Lcd_Init        (abs)        000000
__size_of_Lcd_Out         (abs)        000000
__size_of_Lcd_Out2        (abs)        000000
__size_of_PWM_generar     (abs)        000000
__size_of_SENO_1          (abs)        000000
__size_of_SENO_2          (abs)        000000
__size_of_SENO_3          (abs)        000000
__size_of_TRI_1           (abs)        000000
__size_of_TRI_2           (abs)        000000
__size_of_TRI_3           (abs)        000000
__size_of___aldiv         (abs)        000000
__size_of___almod         (abs)        000000
__size_of___awdiv         (abs)        000000
__size_of___lldiv         (abs)        000000
__size_of___lmul          (abs)        000000
__size_of___wmul          (abs)        000000
__size_of_lcd_goto        (abs)        000000
__size_of_main            (abs)        000000
__size_of_tm_1s           (abs)        000000
__smallconst              smallconst   000000
__stringdata              mediumconst  007E6D
_e                        bssBANK0     0000D8
_frecuencia               bssCOMRAM    000041
_lcd_goto                 text2        0059E2
_main                     text0        006DDA
_p                        bssBANK0     0000DA
_q                        bssBANK0     0000DC
_r                        bssBANK0     0000DE
_t                        bssBANK0     0000E0
_tm_1s                    text1        005C34
_w                        bssBANK0     0000E2
end_of_initialization     cinit        005B40
intlevel0                 text         000000
intlevel1                 text         000000
intlevel2                 text         000000
intlevel3                 text         000000
lcd_goto@data             cstackCOMRAM 00000A
lcd_goto@x                cstackCOMRAM 000004
lcd_goto@y                cstackCOMRAM 000006
main@A                    cstackBANK0  0000D3
main@V                    cstackBANK0  0000CA
main@X                    cstackBANK0  0000CF
main@Z                    cstackBANK0  0000D1
main@cad                  cstackBANK0  0000A2
main@cadena               cstackBANK0  0000B6
main@cant                 cstackBANK0  0000CE
main@cantidad             cstackBANK0  0000CD
main@fre                  cstackBANK0  0000CC
stackhi                   (abs)        0007FF
stacklo                   (abs)        0001A0
start                     init         000000
start_initialization      cinit        005AE8


FUNCTION INFORMATION:

 *************** function _main *****************
 Defined at:
		line 22 in file "main.c"
 Parameters:    Size  Location     Type
		None
 Auto vars:     Size  Location     Type
  fre             1   42[BANK0 ] unsigned char 
  cadena         20   20[BANK0 ] unsigned char [20]
  cad            20    0[BANK0 ] unsigned char [20]
  Z               2   47[BANK0 ] unsigned int 
  X               2   45[BANK0 ] unsigned int 
  V               2   40[BANK0 ] unsigned int 
  A               1   49[BANK0 ] unsigned char 
  cant            1   44[BANK0 ] unsigned char 
  cantidad        1   43[BANK0 ] unsigned char 
 Return value:  Size  Location     Type
		None               void
 Registers used:
		wreg, fsr1l, fsr1h, fsr2l, fsr2h, status,2, status,0, tblptrl, tblptrh, tblptru, prodl, prodh, cstack
 Tracked objects:
		On entry : 
		On exit  : 
		Unchanged: 
 Data sizes:     COMRAM   BANK0   BANK1   BANK2   BANK3   BANK4   BANK5   BANK6   BANK7
      Params:         0       0       0       0       0       0       0       0       0
      Locals:         0      50       0       0       0       0       0       0       0
      Temps:          1       0       0       0       0       0       0       0       0
      Totals:         1      50       0       0       0       0       0       0       0
Total ram usage:       51 bytes
 Hardware stack levels required when called:    2
 This function calls:
		_Conv_Entero
		_Lcd_Chr_CP
		_Lcd_Cmd
		_Lcd_Init
		_Lcd_Out
		_Lcd_Out2
		_PWM_generar
		_SENO_1
		_SENO_2
		_SENO_3
		_TRI_1
		_TRI_2
		_TRI_3
		___wmul
		_lcd_goto
		_tm_1s
 This function is called by:
		Startup code after reset
 This function uses a non-reentrant model


 *************** function _tm_1s *****************
 Defined at:
		line 4 in file "delays.h"
 Parameters:    Size  Location     Type
		None
 Auto vars:     Size  Location     Type
		None
 Return value:  Size  Location     Type
		None               void
 Registers used:
		wreg
 Tracked objects:
		On entry : 
		On exit  : 
		Unchanged: 
 Data sizes:     COMRAM   BANK0   BANK1   BANK2   BANK3   BANK4   BANK5   BANK6   BANK7
      Params:         0       0       0       0       0       0       0       0       0
      Locals:         0       0       0       0       0       0       0       0       0
      Temps:          1       0       0       0       0       0       0       0       0
      Totals:         1       0       0       0       0       0       0       0       0
Total ram usage:        1 bytes
 Hardware stack levels used:    1
 This function calls:
		Nothing
 This function is called by:
		_main
 This function uses a non-reentrant model


 *************** function _lcd_goto *****************
 Defined at:
		line 161 in file "LCD.h"
 Parameters:    Size  Location     Type
  x               2    3[COMRAM] int 
  y               2    5[COMRAM] int 
 Auto vars:     Size  Location     Type
  data            1    9[COMRAM] unsigned char 
 Return value:  Size  Location     Type
		None               void
 Registers used:
		wreg, status,2, status,0, cstack
 Tracked objects:
		On entry : 
		On exit  : 
		Unchanged: 
 Data sizes:     COMRAM   BANK0   BANK1   BANK2   BANK3   BANK4   BANK5   BANK6   BANK7
      Params:         4       0       0       0       0       0       0       0       0
      Locals:         1       0       0       0       0       0       0       0       0
      Temps:          2       0       0       0       0       0       0       0       0
      Totals:         7       0       0       0       0       0       0       0       0
Total ram usage:        7 bytes
 Hardware stack levels used:    1
 Hardware stack levels required when called:    1
 This function calls:
		_Lcd_Cmd
 This function is called by:
		_main
 This function uses a non-reentrant model


 *************** function ___wmul *****************
 Defined at:
		line 15 in file "/opt/microchip/xc8/v1.32/sources/common/Umul16.c"
 Parameters:    Size  Location     Type
  multiplier      2    0[COMRAM] unsigned int 
  multiplicand    2    2[COMRAM] unsigned int 
 Auto vars:     Size  Location     Type
  product         2    4[COMRAM] unsigned int 
 Return value:  Size  Location     Type
                  2    0[COMRAM] unsigned int 
 Registers used:
		wreg, status,2, status,0, prodl, prodh
 Tracked objects:
		On entry : 
		On exit  : 
		Unchanged: 
 Data sizes:     COMRAM   BANK0   BANK1   BANK2   BANK3   BANK4   BANK5   BANK6   BANK7
      Params:         4       0       0       0       0       0       0       0       0
      Locals:         2       0       0       0       0       0       0       0       0
      Temps:          0       0       0       0       0       0       0       0       0
      Totals:         6       0       0       0       0       0       0       0       0
Total ram usage:        6 bytes
 Hardware stack levels used:    1
 This function calls:
		Nothing
 This function is called by:
		_main
 This function uses a non-reentrant model


 *************** function _TRI_3 *****************
 Defined at:
		line 65 in file "TRIANGULAR.c"
 Parameters:    Size  Location     Type
		None
 Auto vars:     Size  Location     Type
  valoresSeno    40   13[COMRAM] int [20]
  i               2   57[COMRAM] int 
  j               2   55[COMRAM] int 
  k               2   53[COMRAM] int 
 Return value:  Size  Location     Type
		None               void
 Registers used:
		wreg, fsr1l, fsr1h, fsr2l, fsr2h, status,2, status,0, prodl, cstack
 Tracked objects:
		On entry : 
		On exit  : 
		Unchanged: 
 Data sizes:     COMRAM   BANK0   BANK1   BANK2   BANK3   BANK4   BANK5   BANK6   BANK7
      Params:         0       0       0       0       0       0       0       0       0
      Locals:        46       0       0       0       0       0       0       0       0
      Temps:          5       0       0       0       0       0       0       0       0
      Totals:        51       0       0       0       0       0       0       0       0
Total ram usage:       51 bytes
 Hardware stack levels used:    1
 Hardware stack levels required when called:    1
 This function calls:
		___awdiv
 This function is called by:
		_main
 This function uses a non-reentrant model


 *************** function _TRI_2 *****************
 Defined at:
		line 38 in file "TRIANGULAR.c"
 Parameters:    Size  Location     Type
		None
 Auto vars:     Size  Location     Type
  valoresSeno    40   13[COMRAM] int [20]
  i               2   57[COMRAM] int 
  j               2   55[COMRAM] int 
  k               2   53[COMRAM] int 
 Return value:  Size  Location     Type
		None               void
 Registers used:
		wreg, fsr1l, fsr1h, fsr2l, fsr2h, status,2, status,0, prodl, cstack
 Tracked objects:
		On entry : 
		On exit  : 
		Unchanged: 
 Data sizes:     COMRAM   BANK0   BANK1   BANK2   BANK3   BANK4   BANK5   BANK6   BANK7
      Params:         0       0       0       0       0       0       0       0       0
      Locals:        46       0       0       0       0       0       0       0       0
      Temps:          5       0       0       0       0       0       0       0       0
      Totals:        51       0       0       0       0       0       0       0       0
Total ram usage:       51 bytes
 Hardware stack levels used:    1
 Hardware stack levels required when called:    1
 This function calls:
		___awdiv
 This function is called by:
		_main
 This function uses a non-reentrant model


 *************** function ___awdiv *****************
 Defined at:
		line 8 in file "/opt/microchip/xc8/v1.32/sources/common/awdiv.c"
 Parameters:    Size  Location     Type
  dividend        2    0[COMRAM] int 
  divisor         2    2[COMRAM] int 
 Auto vars:     Size  Location     Type
  quotient        2    6[COMRAM] int 
  sign            1    5[COMRAM] unsigned char 
  counter         1    4[COMRAM] unsigned char 
 Return value:  Size  Location     Type
                  2    0[COMRAM] int 
 Registers used:
		wreg, status,2, status,0, prodl
 Tracked objects:
		On entry : 
		On exit  : 
		Unchanged: 
 Data sizes:     COMRAM   BANK0   BANK1   BANK2   BANK3   BANK4   BANK5   BANK6   BANK7
      Params:         4       0       0       0       0       0       0       0       0
      Locals:         4       0       0       0       0       0       0       0       0
      Temps:          0       0       0       0       0       0       0       0       0
      Totals:         8       0       0       0       0       0       0       0       0
Total ram usage:        8 bytes
 Hardware stack levels used:    1
 This function calls:
		Nothing
 This function is called by:
		_TRI_2
		_TRI_3
 This function uses a non-reentrant model


 *************** function _TRI_1 *****************
 Defined at:
		line 11 in file "TRIANGULAR.c"
 Parameters:    Size  Location     Type
		None
 Auto vars:     Size  Location     Type
  valoresSeno    40    5[COMRAM] int [20]
  i               2   49[COMRAM] int 
  j               2   47[COMRAM] int 
  k               2   45[COMRAM] int 
 Return value:  Size  Location     Type
		None               void
 Registers used:
		wreg, fsr1l, fsr1h, fsr2l, fsr2h, status,2, status,0
 Tracked objects:
		On entry : 
		On exit  : 
		Unchanged: 
 Data sizes:     COMRAM   BANK0   BANK1   BANK2   BANK3   BANK4   BANK5   BANK6   BANK7
      Params:         0       0       0       0       0       0       0       0       0
      Locals:        46       0       0       0       0       0       0       0       0
      Temps:          5       0       0       0       0       0       0       0       0
      Totals:        51       0       0       0       0       0       0       0       0
Total ram usage:       51 bytes
 Hardware stack levels used:    1
 This function calls:
		Nothing
 This function is called by:
		_main
 This function uses a non-reentrant model


 *************** function _SENO_3 *****************
 Defined at:
		line 64 in file "SIN.c"
 Parameters:    Size  Location     Type
		None
 Auto vars:     Size  Location     Type
  valoresSeno    30    5[COMRAM] int [15]
  i               2   39[COMRAM] int 
  j               2   37[COMRAM] int 
  k               2   35[COMRAM] int 
 Return value:  Size  Location     Type
		None               void
 Registers used:
		wreg, fsr1l, fsr1h, fsr2l, fsr2h, status,2, status,0
 Tracked objects:
		On entry : 
		On exit  : 
		Unchanged: 
 Data sizes:     COMRAM   BANK0   BANK1   BANK2   BANK3   BANK4   BANK5   BANK6   BANK7
      Params:         0       0       0       0       0       0       0       0       0
      Locals:        36       0       0       0       0       0       0       0       0
      Temps:          5       0       0       0       0       0       0       0       0
      Totals:        41       0       0       0       0       0       0       0       0
Total ram usage:       41 bytes
 Hardware stack levels used:    1
 This function calls:
		Nothing
 This function is called by:
		_main
 This function uses a non-reentrant model


 *************** function _SENO_2 *****************
 Defined at:
		line 38 in file "SIN.c"
 Parameters:    Size  Location     Type
		None
 Auto vars:     Size  Location     Type
  valoresSeno    36    5[COMRAM] int [18]
  i               2   45[COMRAM] int 
  j               2   43[COMRAM] int 
  k               2   41[COMRAM] int 
 Return value:  Size  Location     Type
		None               void
 Registers used:
		wreg, fsr1l, fsr1h, fsr2l, fsr2h, status,2, status,0
 Tracked objects:
		On entry : 
		On exit  : 
		Unchanged: 
 Data sizes:     COMRAM   BANK0   BANK1   BANK2   BANK3   BANK4   BANK5   BANK6   BANK7
      Params:         0       0       0       0       0       0       0       0       0
      Locals:        42       0       0       0       0       0       0       0       0
      Temps:          5       0       0       0       0       0       0       0       0
      Totals:        47       0       0       0       0       0       0       0       0
Total ram usage:       47 bytes
 Hardware stack levels used:    1
 This function calls:
		Nothing
 This function is called by:
		_main
 This function uses a non-reentrant model


 *************** function _SENO_1 *****************
 Defined at:
		line 11 in file "SIN.c"
 Parameters:    Size  Location     Type
		None
 Auto vars:     Size  Location     Type
  valoresSeno    40    5[COMRAM] int [20]
  i               2   49[COMRAM] int 
  j               2   47[COMRAM] int 
  k               2   45[COMRAM] int 
 Return value:  Size  Location     Type
		None               void
 Registers used:
		wreg, fsr1l, fsr1h, fsr2l, fsr2h, status,2, status,0
 Tracked objects:
		On entry : 
		On exit  : 
		Unchanged: 
 Data sizes:     COMRAM   BANK0   BANK1   BANK2   BANK3   BANK4   BANK5   BANK6   BANK7
      Params:         0       0       0       0       0       0       0       0       0
      Locals:        46       0       0       0       0       0       0       0       0
      Temps:          5       0       0       0       0       0       0       0       0
      Totals:        51       0       0       0       0       0       0       0       0
Total ram usage:       51 bytes
 Hardware stack levels used:    1
 This function calls:
		Nothing
 This function is called by:
		_main
 This function uses a non-reentrant model


 *************** function _PWM_generar *****************
 Defined at:
		line 9 in file "PWM.c"
 Parameters:    Size  Location     Type
  ciclo           2   13[COMRAM] unsigned int 
  frecuencia      2   15[COMRAM] unsigned int 
 Auto vars:     Size  Location     Type
  AuxCCPR2L       4   29[COMRAM] unsigned long 
  PR2cal          4   25[COMRAM] unsigned long 
  AuxCCP2CON      2   23[COMRAM] unsigned int 
  prescalador     2   21[COMRAM] unsigned int 
 Return value:  Size  Location     Type
		None               void
 Registers used:
		wreg, status,2, status,0, cstack
 Tracked objects:
		On entry : 
		On exit  : 
		Unchanged: 
 Data sizes:     COMRAM   BANK0   BANK1   BANK2   BANK3   BANK4   BANK5   BANK6   BANK7
      Params:         4       0       0       0       0       0       0       0       0
      Locals:        12       0       0       0       0       0       0       0       0
      Temps:          4       0       0       0       0       0       0       0       0
      Totals:        20       0       0       0       0       0       0       0       0
Total ram usage:       20 bytes
 Hardware stack levels used:    1
 Hardware stack levels required when called:    1
 This function calls:
		___lldiv
		___lmul
 This function is called by:
		_main
 This function uses a non-reentrant model


 *************** function ___lldiv *****************
 Defined at:
		line 8 in file "/opt/microchip/xc8/v1.32/sources/common/lldiv.c"
 Parameters:    Size  Location     Type
  dividend        4    0[COMRAM] unsigned long 
  divisor         4    4[COMRAM] unsigned long 
 Auto vars:     Size  Location     Type
  quotient        4    8[COMRAM] unsigned long 
  counter         1   12[COMRAM] unsigned char 
 Return value:  Size  Location     Type
                  4    0[COMRAM] unsigned long 
 Registers used:
		wreg, status,2, status,0
 Tracked objects:
		On entry : 
		On exit  : 
		Unchanged: 
 Data sizes:     COMRAM   BANK0   BANK1   BANK2   BANK3   BANK4   BANK5   BANK6   BANK7
      Params:         8       0       0       0       0       0       0       0       0
      Locals:         5       0       0       0       0       0       0       0       0
      Temps:          0       0       0       0       0       0       0       0       0
      Totals:        13       0       0       0       0       0       0       0       0
Total ram usage:       13 bytes
 Hardware stack levels used:    1
 This function calls:
		Nothing
 This function is called by:
		_PWM_generar
 This function uses a non-reentrant model


 *************** function _Lcd_Out2 *****************
 Defined at:
		line 113 in file "LCD.h"
 Parameters:    Size  Location     Type
  y               1    wreg     unsigned char 
  x               1    3[COMRAM] unsigned char 
  buffer          2    4[COMRAM] PTR unsigned char 
		 -> STR_91(2), STR_90(4), STR_89(11), STR_88(12), 
		 -> STR_87(12), STR_86(6), STR_85(5), STR_84(5), 
		 -> STR_83(5), STR_82(6), STR_81(5), STR_80(5), 
		 -> STR_79(5), STR_78(6), STR_77(5), STR_76(5), 
		 -> STR_75(5), STR_74(6), STR_73(5), STR_72(5), 
		 -> STR_71(6), STR_70(5), STR_69(5), STR_68(5), 
		 -> STR_67(5), STR_66(5), STR_65(5), STR_64(5), 
		 -> STR_63(5), STR_62(5), STR_61(5), STR_60(5), 
		 -> STR_59(5), STR_58(5), STR_57(5), STR_56(5), 
		 -> STR_55(5), STR_54(5), STR_53(5), STR_52(5), 
		 -> STR_51(5), STR_50(5), STR_49(5), STR_48(5), 
		 -> STR_47(5), STR_46(5), STR_45(5), STR_44(5), 
		 -> STR_43(5), STR_42(5), STR_41(5), STR_40(5), 
		 -> STR_39(5), STR_38(5), STR_37(5), STR_36(5), 
		 -> STR_35(5), STR_34(9), STR_33(14), STR_32(9), 
		 -> STR_31(9), STR_30(14), STR_29(9), STR_28(14), 
		 -> STR_27(12), STR_26(12), STR_25(12), STR_24(12), 
		 -> STR_23(7), STR_22(8), STR_21(10), STR_20(8), 
		 -> STR_19(10), STR_18(10), STR_17(8), STR_16(10), 
		 -> STR_15(10), STR_14(14), STR_13(12), STR_12(7), 
		 -> STR_11(9), STR_10(7), STR_9(9), STR_8(9), 
		 -> STR_7(7), STR_6(9), STR_5(9), STR_4(14), 
		 -> STR_3(12), STR_2(16), STR_1(11), 
 Auto vars:     Size  Location     Type
  y               1    6[COMRAM] unsigned char 
  data            1    7[COMRAM] unsigned char 
 Return value:  Size  Location     Type
		None               void
 Registers used:
		wreg, status,2, status,0, tblptrl, tblptrh, tblptru, cstack
 Tracked objects:
		On entry : 
		On exit  : 
		Unchanged: 
 Data sizes:     COMRAM   BANK0   BANK1   BANK2   BANK3   BANK4   BANK5   BANK6   BANK7
      Params:         3       0       0       0       0       0       0       0       0
      Locals:         2       0       0       0       0       0       0       0       0
      Temps:          0       0       0       0       0       0       0       0       0
      Totals:         5       0       0       0       0       0       0       0       0
Total ram usage:        5 bytes
 Hardware stack levels used:    1
 Hardware stack levels required when called:    1
 This function calls:
		_Lcd_Chr_CP
		_Lcd_Cmd
 This function is called by:
		_main
 This function uses a non-reentrant model


 *************** function _Lcd_Out *****************
 Defined at:
		line 92 in file "LCD.h"
 Parameters:    Size  Location     Type
  y               1    wreg     unsigned char 
  x               1    3[COMRAM] unsigned char 
  buffer          2    4[COMRAM] PTR const unsigned char 
		 -> main@cadena(20), 
 Auto vars:     Size  Location     Type
  y               1    6[COMRAM] unsigned char 
  data            1    7[COMRAM] unsigned char 
 Return value:  Size  Location     Type
		None               void
 Registers used:
		wreg, fsr2l, fsr2h, status,2, status,0, cstack
 Tracked objects:
		On entry : 
		On exit  : 
		Unchanged: 
 Data sizes:     COMRAM   BANK0   BANK1   BANK2   BANK3   BANK4   BANK5   BANK6   BANK7
      Params:         3       0       0       0       0       0       0       0       0
      Locals:         2       0       0       0       0       0       0       0       0
      Temps:          0       0       0       0       0       0       0       0       0
      Totals:         5       0       0       0       0       0       0       0       0
Total ram usage:        5 bytes
 Hardware stack levels used:    1
 Hardware stack levels required when called:    1
 This function calls:
		_Lcd_Chr_CP
		_Lcd_Cmd
 This function is called by:
		_main
 This function uses a non-reentrant model


 *************** function _Lcd_Chr_CP *****************
 Defined at:
		line 134 in file "LCD.h"
 Parameters:    Size  Location     Type
  data            1    wreg     unsigned char 
 Auto vars:     Size  Location     Type
  data            1    2[COMRAM] unsigned char 
 Return value:  Size  Location     Type
		None               void
 Registers used:
		wreg, status,2, status,0
 Tracked objects:
		On entry : 
		On exit  : 
		Unchanged: 
 Data sizes:     COMRAM   BANK0   BANK1   BANK2   BANK3   BANK4   BANK5   BANK6   BANK7
      Params:         0       0       0       0       0       0       0       0       0
      Locals:         1       0       0       0       0       0       0       0       0
      Temps:          2       0       0       0       0       0       0       0       0
      Totals:         3       0       0       0       0       0       0       0       0
Total ram usage:        3 bytes
 Hardware stack levels used:    1
 This function calls:
		Nothing
 This function is called by:
		_Lcd_Out
		_Lcd_Out2
		_main
 This function uses a non-reentrant model


 *************** function _Lcd_Init *****************
 Defined at:
		line 48 in file "LCD.h"
 Parameters:    Size  Location     Type
		None
 Auto vars:     Size  Location     Type
  data            1    4[COMRAM] unsigned char 
 Return value:  Size  Location     Type
		None               void
 Registers used:
		wreg, status,2, status,0, cstack
 Tracked objects:
		On entry : 
		On exit  : 
		Unchanged: 
 Data sizes:     COMRAM   BANK0   BANK1   BANK2   BANK3   BANK4   BANK5   BANK6   BANK7
      Params:         0       0       0       0       0       0       0       0       0
      Locals:         1       0       0       0       0       0       0       0       0
      Temps:          1       0       0       0       0       0       0       0       0
      Totals:         2       0       0       0       0       0       0       0       0
Total ram usage:        2 bytes
 Hardware stack levels used:    1
 Hardware stack levels required when called:    1
 This function calls:
		_Lcd_Cmd
 This function is called by:
		_main
 This function uses a non-reentrant model


 *************** function _Lcd_Cmd *****************
 Defined at:
		line 148 in file "LCD.h"
 Parameters:    Size  Location     Type
  data            1    wreg     unsigned char 
 Auto vars:     Size  Location     Type
  data            1    2[COMRAM] unsigned char 
 Return value:  Size  Location     Type
		None               void
 Registers used:
		wreg, status,2, status,0
 Tracked objects:
		On entry : 
		On exit  : 
		Unchanged: 
 Data sizes:     COMRAM   BANK0   BANK1   BANK2   BANK3   BANK4   BANK5   BANK6   BANK7
      Params:         0       0       0       0       0       0       0       0       0
      Locals:         1       0       0       0       0       0       0       0       0
      Temps:          2       0       0       0       0       0       0       0       0
      Totals:         3       0       0       0       0       0       0       0       0
Total ram usage:        3 bytes
 Hardware stack levels used:    1
 This function calls:
		Nothing
 This function is called by:
		_Lcd_Init
		_Lcd_Out
		_Lcd_Out2
		_lcd_goto
		_main
 This function uses a non-reentrant model


 *************** function _Conv_Entero *****************
 Defined at:
		line 1 in file "conversion.h"
 Parameters:    Size  Location     Type
  numero          4   14[COMRAM] long 
  conv            2   18[COMRAM] PTR unsigned char 
		 -> main@cadena(20), main@cad(20), 
 Auto vars:     Size  Location     Type
  convTemp       21   25[COMRAM] unsigned char [21]
  numeroReg       4   51[COMRAM] long 
  punteroActua    2   49[COMRAM] PTR unsigned char 
		 -> Conv_Entero@convTemp(21), 
  num             2   46[COMRAM] int 
  i               1   48[COMRAM] unsigned char 
 Return value:  Size  Location     Type
                  2   14[COMRAM] int 
 Registers used:
		wreg, fsr1l, fsr1h, fsr2l, fsr2h, status,2, status,0, prodl, prodh, cstack
 Tracked objects:
		On entry : 
		On exit  : 
		Unchanged: 
 Data sizes:     COMRAM   BANK0   BANK1   BANK2   BANK3   BANK4   BANK5   BANK6   BANK7
      Params:         6       0       0       0       0       0       0       0       0
      Locals:        30       0       0       0       0       0       0       0       0
      Temps:          5       0       0       0       0       0       0       0       0
      Totals:        41       0       0       0       0       0       0       0       0
Total ram usage:       41 bytes
 Hardware stack levels used:    1
 Hardware stack levels required when called:    1
 This function calls:
		___aldiv
		___almod
		___lmul
 This function is called by:
		_main
 This function uses a non-reentrant model


 *************** function ___lmul *****************
 Defined at:
		line 15 in file "/opt/microchip/xc8/v1.32/sources/common/Umul32.c"
 Parameters:    Size  Location     Type
  multiplier      4    0[COMRAM] unsigned long 
  multiplicand    4    4[COMRAM] unsigned long 
 Auto vars:     Size  Location     Type
  product         4    8[COMRAM] unsigned long 
 Return value:  Size  Location     Type
                  4    0[COMRAM] unsigned long 
 Registers used:
		wreg, status,2, status,0
 Tracked objects:
		On entry : 
		On exit  : 
		Unchanged: 
 Data sizes:     COMRAM   BANK0   BANK1   BANK2   BANK3   BANK4   BANK5   BANK6   BANK7
      Params:         8       0       0       0       0       0       0       0       0
      Locals:         4       0       0       0       0       0       0       0       0
      Temps:          0       0       0       0       0       0       0       0       0
      Totals:        12       0       0       0       0       0       0       0       0
Total ram usage:       12 bytes
 Hardware stack levels used:    1
 This function calls:
		Nothing
 This function is called by:
		_Conv_Entero
		_PWM_generar
 This function uses a non-reentrant model


 *************** function ___almod *****************
 Defined at:
		line 8 in file "/opt/microchip/xc8/v1.32/sources/common/almod.c"
 Parameters:    Size  Location     Type
  dividend        4    0[COMRAM] long 
  divisor         4    4[COMRAM] long 
 Auto vars:     Size  Location     Type
  sign            1    9[COMRAM] unsigned char 
  counter         1    8[COMRAM] unsigned char 
 Return value:  Size  Location     Type
                  4    0[COMRAM] long 
 Registers used:
		wreg, status,2, status,0
 Tracked objects:
		On entry : 
		On exit  : 
		Unchanged: 
 Data sizes:     COMRAM   BANK0   BANK1   BANK2   BANK3   BANK4   BANK5   BANK6   BANK7
      Params:         8       0       0       0       0       0       0       0       0
      Locals:         2       0       0       0       0       0       0       0       0
      Temps:          0       0       0       0       0       0       0       0       0
      Totals:        10       0       0       0       0       0       0       0       0
Total ram usage:       10 bytes
 Hardware stack levels used:    1
 This function calls:
		Nothing
 This function is called by:
		_Conv_Entero
 This function uses a non-reentrant model


 *************** function ___aldiv *****************
 Defined at:
		line 8 in file "/opt/microchip/xc8/v1.32/sources/common/aldiv.c"
 Parameters:    Size  Location     Type
  dividend        4    0[COMRAM] long 
  divisor         4    4[COMRAM] long 
 Auto vars:     Size  Location     Type
  quotient        4   10[COMRAM] long 
  sign            1    9[COMRAM] unsigned char 
  counter         1    8[COMRAM] unsigned char 
 Return value:  Size  Location     Type
                  4    0[COMRAM] long 
 Registers used:
		wreg, status,2, status,0
 Tracked objects:
		On entry : 
		On exit  : 
		Unchanged: 
 Data sizes:     COMRAM   BANK0   BANK1   BANK2   BANK3   BANK4   BANK5   BANK6   BANK7
      Params:         8       0       0       0       0       0       0       0       0
      Locals:         6       0       0       0       0       0       0       0       0
      Temps:          0       0       0       0       0       0       0       0       0
      Totals:        14       0       0       0       0       0       0       0       0
Total ram usage:       14 bytes
 Hardware stack levels used:    1
 This function calls:
		Nothing
 This function is called by:
		_Conv_Entero
 This function uses a non-reentrant model



MODULE INFORMATION

Module		Function		Class		Link	Load	Size
LCD.h
		_Lcd_Init      		CODE           	64EC	0000	296
		_Lcd_Out       		CODE           	5A86	0000	98
		_Lcd_Out2      		CODE           	5B4A	0000	104
		_Lcd_Chr_CP    		CODE           	6614	0000	300
		_Lcd_Cmd       		CODE           	63C6	0000	294
		_lcd_goto      		CODE           	59E2	0000	78

LCD.h estimated size: 1170

SIN.c
		_SENO_2        		CODE           	5FDC	0000	250
		_SENO_3        		CODE           	60D6	0000	250
		_SENO_1        		CODE           	5EE2	0000	250

SIN.c estimated size: 750

/opt/microchip/xc8/v1.32/sources/common/almod.c
		___almod       		CODE           	5E06	0000	220

/opt/microchip/xc8/v1.32/sources/common/almod.c estimated size: 220

/opt/microchip/xc8/v1.32/sources/common/Umul32.c
		___lmul        		CODE           	5A30	0000	86

/opt/microchip/xc8/v1.32/sources/common/Umul32.c estimated size: 86

/opt/microchip/xc8/v1.32/sources/common/awdiv.c
		___awdiv       		CODE           	5D62	0000	164

/opt/microchip/xc8/v1.32/sources/common/awdiv.c estimated size: 164

/opt/microchip/xc8/v1.32/sources/common/lldiv.c
		___lldiv       		CODE           	5BB2	0000	130

/opt/microchip/xc8/v1.32/sources/common/lldiv.c estimated size: 130

/opt/microchip/xc8/v1.32/sources/common/aldiv.c
		___aldiv       		CODE           	62CA	0000	252

/opt/microchip/xc8/v1.32/sources/common/aldiv.c estimated size: 252

delays.h
		_tm_1s         		CODE           	5C34	0000	142

delays.h estimated size: 142

PWM.c
		_PWM_generar   		CODE           	6BAC	0000	558

PWM.c estimated size: 558

shared
		__stringdata   		MEDIUMCONST    	7E6D	0000	402
		__initializatio		CODE           	5AE8	0000	88

shared estimated size: 490

TRIANGULAR.c
		_TRI_1         		CODE           	61D0	0000	250
		_TRI_2         		CODE           	6740	0000	330
		_TRI_3         		CODE           	688A	0000	330

TRIANGULAR.c estimated size: 910

conversion.h
		_Conv_Entero   		CODE           	69D4	0000	472

conversion.h estimated size: 472

main.c
		_main          		CODE           	6DDA	0000	4242

main.c estimated size: 4242

/opt/microchip/xc8/v1.32/sources/common/Umul16.c
		___wmul        		CODE           	597A	0000	38

/opt/microchip/xc8/v1.32/sources/common/Umul16.c estimated size: 38

